{"timestamp":"2026-08-11T09:51:49.803746","level":"info","event":"Filling up the DagBag from /home/airflow/.local/lib/python3.12/site-packages/airflow/example_dags/standard/example_branch_operator_decorator.py","logger":"airflow.models.dagbag.DagBag"}
{"timestamp":"2026-08-11T09:52:36.366482","level":"info","event":"Filling up the DagBag from /home/airflow/.local/lib/python3.12/site-packages/airflow/example_dags/standard/example_branch_operator_decorator.py","logger":"airflow.models.dagbag.DagBag"}
{"timestamp":"2026-08-11T09:53:07.713664","level":"info","event":"Filling up the DagBag from /home/airflow/.local/lib/python3.12/site-packages/airflow/example_dags/standard/example_branch_operator_decorator.py","logger":"airflow.models.dagbag.DagBag"}
{"timestamp":"2026-08-11T09:53:38.370380","level":"info","event":"Filling up the DagBag from /home/airflow/.local/lib/python3.12/site-packages/airflow/example_dags/standard/example_branch_operator_decorator.py","logger":"airflow.models.dagbag.DagBag"}
{"timestamp":"2026-08-11T09:54:08.762454","level":"info","event":"Filling up the DagBag from /home/airflow/.local/lib/python3.12/site-packages/airflow/example_dags/standard/example_branch_operator_decorator.py","logger":"airflow.models.dagbag.DagBag"}
{"timestamp":"2026-08-11T09:54:39.480379","level":"info","event":"Filling up the DagBag from /home/airflow/.local/lib/python3.12/site-packages/airflow/example_dags/standard/example_branch_operator_decorator.py","logger":"airflow.models.dagbag.DagBag"}
{"timestamp":"2026-08-11T09:55:09.978467","level":"info","event":"Filling up the DagBag from /home/airflow/.local/lib/python3.12/site-packages/airflow/example_dags/standard/example_branch_operator_decorator.py","logger":"airflow.models.dagbag.DagBag"}
{"timestamp":"2026-08-11T09:55:40.197472","level":"info","event":"Filling up the DagBag from /home/airflow/.local/lib/python3.12/site-packages/airflow/example_dags/standard/example_branch_operator_decorator.py","logger":"airflow.models.dagbag.DagBag"}
{"timestamp":"2026-08-11T09:56:10.345725","level":"info","event":"Filling up the DagBag from /home/airflow/.local/lib/python3.12/site-packages/airflow/example_dags/standard/example_branch_operator_decorator.py","logger":"airflow.models.dagbag.DagBag"}
{"timestamp":"2026-08-11T09:56:41.299671","level":"info","event":"Filling up the DagBag from /home/airflow/.local/lib/python3.12/site-packages/airflow/example_dags/standard/example_branch_operator_decorator.py","logger":"airflow.models.dagbag.DagBag"}
{"timestamp":"2026-08-11T09:57:12.307841","level":"info","event":"Filling up the DagBag from /home/airflow/.local/lib/python3.12/site-packages/airflow/example_dags/standard/example_branch_operator_decorator.py","logger":"airflow.models.dagbag.DagBag"}
{"timestamp":"2026-08-11T09:57:52.036901","level":"info","event":"Filling up the DagBag from /home/airflow/.local/lib/python3.12/site-packages/airflow/example_dags/standard/example_branch_operator_decorator.py","logger":"airflow.models.dagbag.DagBag"}
{"timestamp":"2026-08-11T09:58:23.329109","level":"info","event":"Filling up the DagBag from /home/airflow/.local/lib/python3.12/site-packages/airflow/example_dags/standard/example_branch_operator_decorator.py","logger":"airflow.models.dagbag.DagBag"}
{"timestamp":"2026-08-11T09:59:09.475523","level":"info","event":"Filling up the DagBag from /home/airflow/.local/lib/python3.12/site-packages/airflow/example_dags/standard/example_branch_operator_decorator.py","logger":"airflow.models.dagbag.DagBag"}
{"timestamp":"2026-08-11T10:02:33.490710","level":"info","event":"Filling up the DagBag from /home/airflow/.local/lib/python3.12/site-packages/airflow/example_dags/standard/example_branch_operator_decorator.py","logger":"airflow.models.dagbag.DagBag"}
{"timestamp":"2026-08-11T10:03:05.458796","level":"error","event":"Process timed out, PID: 998","logger":"airflow.utils.timeout.TimeoutPosix"}
{"timestamp":"2026-08-11T10:03:09.128479","level":"error","event":"Failed to import: /home/airflow/.local/lib/python3.12/site-packages/airflow/example_dags/standard/example_branch_operator_decorator.py","logger":"airflow.models.dagbag.DagBag","error_detail":[{"exc_type":"AirflowTaskTimeout","exc_value":"DagBag import timeout for /home/airflow/.local/lib/python3.12/site-packages/airflow/example_dags/standard/example_branch_operator_decorator.py after 30.0s.\nPlease take a look at these docs to improve your DAG import time:\n* https://airflow.apache.org/docs/apache-airflow/3.0.6/best-practices.html#top-level-python-code\n* https://airflow.apache.org/docs/apache-airflow/3.0.6/best-practices.html#reducing-dag-complexity, PID: 998","exc_notes":[],"syntax_error":null,"is_cause":false,"frames":[{"filename":"/home/airflow/.local/lib/python3.12/site-packages/airflow/models/dagbag.py","lineno":394,"name":"parse"},{"filename":"<frozen importlib._bootstrap_external>","lineno":999,"name":"exec_module"},{"filename":"<frozen importlib._bootstrap>","lineno":488,"name":"_call_with_frames_removed"},{"filename":"/home/airflow/.local/lib/python3.12/site-packages/airflow/example_dags/standard/example_branch_operator_decorator.py","lineno":80,"name":"<module>"},{"filename":"/home/airflow/.local/lib/python3.12/site-packages/airflow/sdk/bases/decorator.py","lineno":681,"name":"decorator_factory"},{"filename":"<attrs generated methods airflow.sdk.bases.decorator._TaskDecorator>","lineno":48,"name":"__init__"},{"filename":"/home/airflow/.local/lib/python3.12/site-packages/airflow/sdk/bases/decorator.py","lineno":352,"name":"__attrs_post_init__"},{"filename":"/usr/local/lib/python3.12/functools.py","lineno":998,"name":"__get__"},{"filename":"/home/airflow/.local/lib/python3.12/site-packages/airflow/sdk/bases/decorator.py","lineno":82,"name":"function_signature"},{"filename":"/usr/local/lib/python3.12/inspect.py","lineno":3348,"name":"signature"},{"filename":"/usr/local/lib/python3.12/inspect.py","lineno":3085,"name":"from_callable"},{"filename":"/usr/local/lib/python3.12/inspect.py","lineno":2597,"name":"_signature_from_callable"},{"filename":"/usr/local/lib/python3.12/inspect.py","lineno":2487,"name":"_signature_from_function"},{"filename":"/usr/local/lib/python3.12/inspect.py","lineno":3029,"name":"__init__"},{"filename":"/home/airflow/.local/lib/python3.12/site-packages/airflow/utils/timeout.py","lineno":69,"name":"handle_timeout"}],"is_group":false,"exceptions":[]}]}
{"timestamp":"2026-08-11T10:04:45.956151","level":"info","event":"Filling up the DagBag from /home/airflow/.local/lib/python3.12/site-packages/airflow/example_dags/standard/example_branch_operator_decorator.py","logger":"airflow.models.dagbag.DagBag"}
{"timestamp":"2026-08-11T10:05:16.196772","level":"info","event":"Filling up the DagBag from /home/airflow/.local/lib/python3.12/site-packages/airflow/example_dags/standard/example_branch_operator_decorator.py","logger":"airflow.models.dagbag.DagBag"}
{"timestamp":"2026-08-11T10:05:46.719672","level":"info","event":"Filling up the DagBag from /home/airflow/.local/lib/python3.12/site-packages/airflow/example_dags/standard/example_branch_operator_decorator.py","logger":"airflow.models.dagbag.DagBag"}
{"timestamp":"2026-08-11T10:06:31.887035Z","level":"critical","event":"Process terminated by signal. For more information, see https://airflow.apache.org/docs/apache-airflow/stable/troubleshooting.html#TaskRunner-killed","signal":-9,"signal_name":"SIGKILL","logger":"processor"}
{"timestamp":"2026-08-11T10:07:02.032670","level":"info","event":"Filling up the DagBag from /home/airflow/.local/lib/python3.12/site-packages/airflow/example_dags/standard/example_branch_operator_decorator.py","logger":"airflow.models.dagbag.DagBag"}
{"timestamp":"2026-08-11T10:07:32.942764","level":"info","event":"Filling up the DagBag from /home/airflow/.local/lib/python3.12/site-packages/airflow/example_dags/standard/example_branch_operator_decorator.py","logger":"airflow.models.dagbag.DagBag"}
{"timestamp":"2026-08-11T10:08:18.002669","level":"info","event":"Filling up the DagBag from /home/airflow/.local/lib/python3.12/site-packages/airflow/example_dags/standard/example_branch_operator_decorator.py","logger":"airflow.models.dagbag.DagBag"}
{"timestamp":"2026-08-11T10:08:48.684345","level":"info","event":"Filling up the DagBag from /home/airflow/.local/lib/python3.12/site-packages/airflow/example_dags/standard/example_branch_operator_decorator.py","logger":"airflow.models.dagbag.DagBag"}
{"timestamp":"2026-08-11T10:09:19.376560","level":"info","event":"Filling up the DagBag from /home/airflow/.local/lib/python3.12/site-packages/airflow/example_dags/standard/example_branch_operator_decorator.py","logger":"airflow.models.dagbag.DagBag"}
{"timestamp":"2026-08-11T10:09:53.380134","level":"info","event":"Filling up the DagBag from /home/airflow/.local/lib/python3.12/site-packages/airflow/example_dags/standard/example_branch_operator_decorator.py","logger":"airflow.models.dagbag.DagBag"}
{"timestamp":"2026-08-11T10:10:47.651091","level":"info","event":"Filling up the DagBag from /home/airflow/.local/lib/python3.12/site-packages/airflow/example_dags/standard/example_branch_operator_decorator.py","logger":"airflow.models.dagbag.DagBag"}
{"timestamp":"2026-08-11T10:11:18.418734","level":"info","event":"Filling up the DagBag from /home/airflow/.local/lib/python3.12/site-packages/airflow/example_dags/standard/example_branch_operator_decorator.py","logger":"airflow.models.dagbag.DagBag"}
{"timestamp":"2026-08-11T10:11:49.311459","level":"info","event":"Filling up the DagBag from /home/airflow/.local/lib/python3.12/site-packages/airflow/example_dags/standard/example_branch_operator_decorator.py","logger":"airflow.models.dagbag.DagBag"}
{"timestamp":"2026-08-11T10:12:19.512025","level":"info","event":"Filling up the DagBag from /home/airflow/.local/lib/python3.12/site-packages/airflow/example_dags/standard/example_branch_operator_decorator.py","logger":"airflow.models.dagbag.DagBag"}
{"timestamp":"2026-08-11T10:12:50.586834","level":"info","event":"Filling up the DagBag from /home/airflow/.local/lib/python3.12/site-packages/airflow/example_dags/standard/example_branch_operator_decorator.py","logger":"airflow.models.dagbag.DagBag"}
{"timestamp":"2026-08-11T10:13:21.113420","level":"info","event":"Filling up the DagBag from /home/airflow/.local/lib/python3.12/site-packages/airflow/example_dags/standard/example_branch_operator_decorator.py","logger":"airflow.models.dagbag.DagBag"}
{"timestamp":"2026-08-11T10:13:51.874621","level":"info","event":"Filling up the DagBag from /home/airflow/.local/lib/python3.12/site-packages/airflow/example_dags/standard/example_branch_operator_decorator.py","logger":"airflow.models.dagbag.DagBag"}
{"timestamp":"2026-08-11T10:15:53.085417","level":"info","event":"Filling up the DagBag from /home/airflow/.local/lib/python3.12/site-packages/airflow/example_dags/standard/example_branch_operator_decorator.py","logger":"airflow.models.dagbag.DagBag"}
{"timestamp":"2026-08-11T10:16:23.450228","level":"info","event":"Filling up the DagBag from /home/airflow/.local/lib/python3.12/site-packages/airflow/example_dags/standard/example_branch_operator_decorator.py","logger":"airflow.models.dagbag.DagBag"}
{"timestamp":"2026-08-11T10:16:56.261601","level":"info","event":"Filling up the DagBag from /home/airflow/.local/lib/python3.12/site-packages/airflow/example_dags/standard/example_branch_operator_decorator.py","logger":"airflow.models.dagbag.DagBag"}
{"timestamp":"2026-08-11T10:17:50.972902","level":"info","event":"Filling up the DagBag from /home/airflow/.local/lib/python3.12/site-packages/airflow/example_dags/standard/example_branch_operator_decorator.py","logger":"airflow.models.dagbag.DagBag"}
{"timestamp":"2026-08-11T10:18:29.238614","level":"info","event":"Filling up the DagBag from /home/airflow/.local/lib/python3.12/site-packages/airflow/example_dags/standard/example_branch_operator_decorator.py","logger":"airflow.models.dagbag.DagBag"}
{"timestamp":"2026-08-11T10:21:58.301315","level":"info","event":"Filling up the DagBag from /home/airflow/.local/lib/python3.12/site-packages/airflow/example_dags/standard/example_branch_operator_decorator.py","logger":"airflow.models.dagbag.DagBag"}
{"timestamp":"2026-08-11T10:27:33.679441","level":"info","event":"Filling up the DagBag from /home/airflow/.local/lib/python3.12/site-packages/airflow/example_dags/standard/example_branch_operator_decorator.py","logger":"airflow.models.dagbag.DagBag"}
{"timestamp":"2026-08-11T10:31:32.765161","level":"info","event":"Filling up the DagBag from /home/airflow/.local/lib/python3.12/site-packages/airflow/example_dags/standard/example_branch_operator_decorator.py","logger":"airflow.models.dagbag.DagBag"}
{"timestamp":"2026-08-11T10:32:52.344833","level":"info","event":"Filling up the DagBag from /home/airflow/.local/lib/python3.12/site-packages/airflow/example_dags/standard/example_branch_operator_decorator.py","logger":"airflow.models.dagbag.DagBag"}
{"timestamp":"2026-08-11T10:39:49.705710","level":"info","event":"Filling up the DagBag from /home/airflow/.local/lib/python3.12/site-packages/airflow/example_dags/standard/example_branch_operator_decorator.py","logger":"airflow.models.dagbag.DagBag"}
{"timestamp":"2026-08-11T10:44:10.203681","level":"info","event":"Filling up the DagBag from /home/airflow/.local/lib/python3.12/site-packages/airflow/example_dags/standard/example_branch_operator_decorator.py","logger":"airflow.models.dagbag.DagBag"}
{"timestamp":"2026-08-11T10:45:23.094369","level":"info","event":"Filling up the DagBag from /home/airflow/.local/lib/python3.12/site-packages/airflow/example_dags/standard/example_branch_operator_decorator.py","logger":"airflow.models.dagbag.DagBag"}
{"timestamp":"2026-08-11T10:45:53.472109","level":"info","event":"Filling up the DagBag from /home/airflow/.local/lib/python3.12/site-packages/airflow/example_dags/standard/example_branch_operator_decorator.py","logger":"airflow.models.dagbag.DagBag"}
{"timestamp":"2026-08-11T10:48:12.342236","level":"info","event":"Filling up the DagBag from /home/airflow/.local/lib/python3.12/site-packages/airflow/example_dags/standard/example_branch_operator_decorator.py","logger":"airflow.models.dagbag.DagBag"}
{"timestamp":"2026-08-11T10:49:30.855253","level":"info","event":"Filling up the DagBag from /home/airflow/.local/lib/python3.12/site-packages/airflow/example_dags/standard/example_branch_operator_decorator.py","logger":"airflow.models.dagbag.DagBag"}
{"timestamp":"2026-08-11T10:51:24.591828","level":"info","event":"Filling up the DagBag from /home/airflow/.local/lib/python3.12/site-packages/airflow/example_dags/standard/example_branch_operator_decorator.py","logger":"airflow.models.dagbag.DagBag"}
{"timestamp":"2026-08-11T10:53:55.930320","level":"info","event":"Filling up the DagBag from /home/airflow/.local/lib/python3.12/site-packages/airflow/example_dags/standard/example_branch_operator_decorator.py","logger":"airflow.models.dagbag.DagBag"}
{"timestamp":"2026-08-11T10:54:38.536695","level":"info","event":"Filling up the DagBag from /home/airflow/.local/lib/python3.12/site-packages/airflow/example_dags/standard/example_branch_operator_decorator.py","logger":"airflow.models.dagbag.DagBag"}
{"timestamp":"2026-08-11T10:55:08.776289","level":"info","event":"Filling up the DagBag from /home/airflow/.local/lib/python3.12/site-packages/airflow/example_dags/standard/example_branch_operator_decorator.py","logger":"airflow.models.dagbag.DagBag"}
{"timestamp":"2026-08-11T10:55:40.794915","level":"info","event":"Filling up the DagBag from /home/airflow/.local/lib/python3.12/site-packages/airflow/example_dags/standard/example_branch_operator_decorator.py","logger":"airflow.models.dagbag.DagBag"}
{"timestamp":"2026-08-11T10:56:11.775402","level":"info","event":"Filling up the DagBag from /home/airflow/.local/lib/python3.12/site-packages/airflow/example_dags/standard/example_branch_operator_decorator.py","logger":"airflow.models.dagbag.DagBag"}
{"timestamp":"2026-08-11T10:58:37.607642","level":"info","event":"Filling up the DagBag from /home/airflow/.local/lib/python3.12/site-packages/airflow/example_dags/standard/example_branch_operator_decorator.py","logger":"airflow.models.dagbag.DagBag"}
{"timestamp":"2026-08-11T10:59:09.226900","level":"info","event":"Filling up the DagBag from /home/airflow/.local/lib/python3.12/site-packages/airflow/example_dags/standard/example_branch_operator_decorator.py","logger":"airflow.models.dagbag.DagBag"}
{"timestamp":"2026-08-11T10:59:57.109123","level":"info","event":"Filling up the DagBag from /home/airflow/.local/lib/python3.12/site-packages/airflow/example_dags/standard/example_branch_operator_decorator.py","logger":"airflow.models.dagbag.DagBag"}
{"timestamp":"2026-08-11T11:00:41.267426","level":"info","event":"Filling up the DagBag from /home/airflow/.local/lib/python3.12/site-packages/airflow/example_dags/standard/example_branch_operator_decorator.py","logger":"airflow.models.dagbag.DagBag"}
{"timestamp":"2026-08-11T11:03:37.721092","level":"info","event":"Filling up the DagBag from /home/airflow/.local/lib/python3.12/site-packages/airflow/example_dags/standard/example_branch_operator_decorator.py","logger":"airflow.models.dagbag.DagBag"}
{"timestamp":"2026-08-11T11:04:10.681718","level":"info","event":"Filling up the DagBag from /home/airflow/.local/lib/python3.12/site-packages/airflow/example_dags/standard/example_branch_operator_decorator.py","logger":"airflow.models.dagbag.DagBag"}
{"timestamp":"2026-08-11T11:07:39.153936","level":"info","event":"Filling up the DagBag from /home/airflow/.local/lib/python3.12/site-packages/airflow/example_dags/standard/example_branch_operator_decorator.py","logger":"airflow.models.dagbag.DagBag"}
{"timestamp":"2026-08-11T11:13:39.313896","level":"info","event":"Filling up the DagBag from /home/airflow/.local/lib/python3.12/site-packages/airflow/example_dags/standard/example_branch_operator_decorator.py","logger":"airflow.models.dagbag.DagBag"}
{"timestamp":"2026-08-11T11:14:31.042793","level":"info","event":"Filling up the DagBag from /home/airflow/.local/lib/python3.12/site-packages/airflow/example_dags/standard/example_branch_operator_decorator.py","logger":"airflow.models.dagbag.DagBag"}
{"timestamp":"2026-08-11T11:15:08.810249","level":"info","event":"Filling up the DagBag from /home/airflow/.local/lib/python3.12/site-packages/airflow/example_dags/standard/example_branch_operator_decorator.py","logger":"airflow.models.dagbag.DagBag"}
{"timestamp":"2026-08-11T11:16:37.473900","level":"info","event":"Filling up the DagBag from /home/airflow/.local/lib/python3.12/site-packages/airflow/example_dags/standard/example_branch_operator_decorator.py","logger":"airflow.models.dagbag.DagBag"}
{"timestamp":"2026-08-11T11:17:08.431539","level":"info","event":"Filling up the DagBag from /home/airflow/.local/lib/python3.12/site-packages/airflow/example_dags/standard/example_branch_operator_decorator.py","logger":"airflow.models.dagbag.DagBag"}
{"timestamp":"2026-08-11T11:18:24.640614","level":"info","event":"Filling up the DagBag from /home/airflow/.local/lib/python3.12/site-packages/airflow/example_dags/standard/example_branch_operator_decorator.py","logger":"airflow.models.dagbag.DagBag"}
{"timestamp":"2026-08-11T11:19:44.642789","level":"info","event":"Filling up the DagBag from /home/airflow/.local/lib/python3.12/site-packages/airflow/example_dags/standard/example_branch_operator_decorator.py","logger":"airflow.models.dagbag.DagBag"}
{"timestamp":"2026-08-11T11:20:15.975351","level":"info","event":"Filling up the DagBag from /home/airflow/.local/lib/python3.12/site-packages/airflow/example_dags/standard/example_branch_operator_decorator.py","logger":"airflow.models.dagbag.DagBag"}
{"timestamp":"2026-08-11T11:20:46.214321","level":"info","event":"Filling up the DagBag from /home/airflow/.local/lib/python3.12/site-packages/airflow/example_dags/standard/example_branch_operator_decorator.py","logger":"airflow.models.dagbag.DagBag"}
{"timestamp":"2026-08-11T11:21:16.488507","level":"info","event":"Filling up the DagBag from /home/airflow/.local/lib/python3.12/site-packages/airflow/example_dags/standard/example_branch_operator_decorator.py","logger":"airflow.models.dagbag.DagBag"}
{"timestamp":"2026-08-11T11:21:46.832010","level":"info","event":"Filling up the DagBag from /home/airflow/.local/lib/python3.12/site-packages/airflow/example_dags/standard/example_branch_operator_decorator.py","logger":"airflow.models.dagbag.DagBag"}
{"timestamp":"2026-08-11T11:22:17.199763","level":"info","event":"Filling up the DagBag from /home/airflow/.local/lib/python3.12/site-packages/airflow/example_dags/standard/example_branch_operator_decorator.py","logger":"airflow.models.dagbag.DagBag"}
{"timestamp":"2026-08-11T11:22:48.088720","level":"info","event":"Filling up the DagBag from /home/airflow/.local/lib/python3.12/site-packages/airflow/example_dags/standard/example_branch_operator_decorator.py","logger":"airflow.models.dagbag.DagBag"}
{"timestamp":"2026-08-11T11:23:58.536405","level":"info","event":"Filling up the DagBag from /home/airflow/.local/lib/python3.12/site-packages/airflow/example_dags/standard/example_branch_operator_decorator.py","logger":"airflow.models.dagbag.DagBag"}
{"timestamp":"2026-08-11T11:24:29.401430","level":"info","event":"Filling up the DagBag from /home/airflow/.local/lib/python3.12/site-packages/airflow/example_dags/standard/example_branch_operator_decorator.py","logger":"airflow.models.dagbag.DagBag"}
{"timestamp":"2026-08-11T11:24:59.972960","level":"info","event":"Filling up the DagBag from /home/airflow/.local/lib/python3.12/site-packages/airflow/example_dags/standard/example_branch_operator_decorator.py","logger":"airflow.models.dagbag.DagBag"}
{"timestamp":"2026-08-11T11:25:31.689569","level":"info","event":"Filling up the DagBag from /home/airflow/.local/lib/python3.12/site-packages/airflow/example_dags/standard/example_branch_operator_decorator.py","logger":"airflow.models.dagbag.DagBag"}
{"timestamp":"2026-08-11T11:28:52.744205","level":"info","event":"Filling up the DagBag from /home/airflow/.local/lib/python3.12/site-packages/airflow/example_dags/standard/example_branch_operator_decorator.py","logger":"airflow.models.dagbag.DagBag"}
{"timestamp":"2026-08-11T11:29:25.256375","level":"info","event":"Filling up the DagBag from /home/airflow/.local/lib/python3.12/site-packages/airflow/example_dags/standard/example_branch_operator_decorator.py","logger":"airflow.models.dagbag.DagBag"}
{"timestamp":"2026-08-11T11:32:40.751985","level":"info","event":"Filling up the DagBag from /home/airflow/.local/lib/python3.12/site-packages/airflow/example_dags/standard/example_branch_operator_decorator.py","logger":"airflow.models.dagbag.DagBag"}
{"timestamp":"2026-08-11T11:33:44.910575","level":"info","event":"Filling up the DagBag from /home/airflow/.local/lib/python3.12/site-packages/airflow/example_dags/standard/example_branch_operator_decorator.py","logger":"airflow.models.dagbag.DagBag"}
{"timestamp":"2026-08-11T11:37:08.941442","level":"info","event":"Filling up the DagBag from /home/airflow/.local/lib/python3.12/site-packages/airflow/example_dags/standard/example_branch_operator_decorator.py","logger":"airflow.models.dagbag.DagBag"}
{"timestamp":"2026-08-11T11:37:40.955805","level":"info","event":"Filling up the DagBag from /home/airflow/.local/lib/python3.12/site-packages/airflow/example_dags/standard/example_branch_operator_decorator.py","logger":"airflow.models.dagbag.DagBag"}
{"timestamp":"2026-08-11T11:38:18.362047","level":"info","event":"Filling up the DagBag from /home/airflow/.local/lib/python3.12/site-packages/airflow/example_dags/standard/example_branch_operator_decorator.py","logger":"airflow.models.dagbag.DagBag"}
{"timestamp":"2026-08-11T11:38:48.800918","level":"info","event":"Filling up the DagBag from /home/airflow/.local/lib/python3.12/site-packages/airflow/example_dags/standard/example_branch_operator_decorator.py","logger":"airflow.models.dagbag.DagBag"}
{"timestamp":"2026-08-11T11:39:19.282362","level":"info","event":"Filling up the DagBag from /home/airflow/.local/lib/python3.12/site-packages/airflow/example_dags/standard/example_branch_operator_decorator.py","logger":"airflow.models.dagbag.DagBag"}
{"timestamp":"2026-08-11T11:39:50.139955","level":"info","event":"Filling up the DagBag from /home/airflow/.local/lib/python3.12/site-packages/airflow/example_dags/standard/example_branch_operator_decorator.py","logger":"airflow.models.dagbag.DagBag"}
{"timestamp":"2026-08-11T11:40:20.832209","level":"info","event":"Filling up the DagBag from /home/airflow/.local/lib/python3.12/site-packages/airflow/example_dags/standard/example_branch_operator_decorator.py","logger":"airflow.models.dagbag.DagBag"}
{"timestamp":"2026-08-11T11:40:54.183404","level":"info","event":"Filling up the DagBag from /home/airflow/.local/lib/python3.12/site-packages/airflow/example_dags/standard/example_branch_operator_decorator.py","logger":"airflow.models.dagbag.DagBag"}
{"timestamp":"2026-08-11T11:41:25.376817","level":"info","event":"Filling up the DagBag from /home/airflow/.local/lib/python3.12/site-packages/airflow/example_dags/standard/example_branch_operator_decorator.py","logger":"airflow.models.dagbag.DagBag"}
{"timestamp":"2026-08-11T11:41:55.687507","level":"info","event":"Filling up the DagBag from /home/airflow/.local/lib/python3.12/site-packages/airflow/example_dags/standard/example_branch_operator_decorator.py","logger":"airflow.models.dagbag.DagBag"}
{"timestamp":"2026-08-11T11:42:27.000395","level":"info","event":"Filling up the DagBag from /home/airflow/.local/lib/python3.12/site-packages/airflow/example_dags/standard/example_branch_operator_decorator.py","logger":"airflow.models.dagbag.DagBag"}
{"timestamp":"2026-08-11T11:43:01.232393","level":"info","event":"Filling up the DagBag from /home/airflow/.local/lib/python3.12/site-packages/airflow/example_dags/standard/example_branch_operator_decorator.py","logger":"airflow.models.dagbag.DagBag"}
{"timestamp":"2026-08-11T11:43:31.393472","level":"info","event":"Filling up the DagBag from /home/airflow/.local/lib/python3.12/site-packages/airflow/example_dags/standard/example_branch_operator_decorator.py","logger":"airflow.models.dagbag.DagBag"}
{"timestamp":"2026-08-11T11:44:04.929481","level":"info","event":"Filling up the DagBag from /home/airflow/.local/lib/python3.12/site-packages/airflow/example_dags/standard/example_branch_operator_decorator.py","logger":"airflow.models.dagbag.DagBag"}
{"timestamp":"2026-08-11T11:44:35.845899","level":"info","event":"Filling up the DagBag from /home/airflow/.local/lib/python3.12/site-packages/airflow/example_dags/standard/example_branch_operator_decorator.py","logger":"airflow.models.dagbag.DagBag"}
{"timestamp":"2026-08-11T11:45:22.915583","level":"info","event":"Filling up the DagBag from /home/airflow/.local/lib/python3.12/site-packages/airflow/example_dags/standard/example_branch_operator_decorator.py","logger":"airflow.models.dagbag.DagBag"}
{"timestamp":"2026-08-11T11:45:53.749165","level":"info","event":"Filling up the DagBag from /home/airflow/.local/lib/python3.12/site-packages/airflow/example_dags/standard/example_branch_operator_decorator.py","logger":"airflow.models.dagbag.DagBag"}
{"timestamp":"2026-08-11T11:46:25.081736","level":"info","event":"Filling up the DagBag from /home/airflow/.local/lib/python3.12/site-packages/airflow/example_dags/standard/example_branch_operator_decorator.py","logger":"airflow.models.dagbag.DagBag"}
{"timestamp":"2026-08-11T11:49:35.371863","level":"info","event":"Filling up the DagBag from /home/airflow/.local/lib/python3.12/site-packages/airflow/example_dags/standard/example_branch_operator_decorator.py","logger":"airflow.models.dagbag.DagBag"}
{"timestamp":"2026-08-11T11:50:10.417289","level":"info","event":"Filling up the DagBag from /home/airflow/.local/lib/python3.12/site-packages/airflow/example_dags/standard/example_branch_operator_decorator.py","logger":"airflow.models.dagbag.DagBag"}
{"timestamp":"2026-08-11T11:51:41.592161","level":"info","event":"Filling up the DagBag from /home/airflow/.local/lib/python3.12/site-packages/airflow/example_dags/standard/example_branch_operator_decorator.py","logger":"airflow.models.dagbag.DagBag"}
{"timestamp":"2026-08-11T11:52:36.872052","level":"info","event":"Filling up the DagBag from /home/airflow/.local/lib/python3.12/site-packages/airflow/example_dags/standard/example_branch_operator_decorator.py","logger":"airflow.models.dagbag.DagBag"}
{"timestamp":"2026-08-11T11:53:07.390898","level":"info","event":"Filling up the DagBag from /home/airflow/.local/lib/python3.12/site-packages/airflow/example_dags/standard/example_branch_operator_decorator.py","logger":"airflow.models.dagbag.DagBag"}
{"timestamp":"2026-08-11T11:53:48.344006","level":"info","event":"Filling up the DagBag from /home/airflow/.local/lib/python3.12/site-packages/airflow/example_dags/standard/example_branch_operator_decorator.py","logger":"airflow.models.dagbag.DagBag"}
{"timestamp":"2026-08-11T11:54:19.338636","level":"info","event":"Filling up the DagBag from /home/airflow/.local/lib/python3.12/site-packages/airflow/example_dags/standard/example_branch_operator_decorator.py","logger":"airflow.models.dagbag.DagBag"}
{"timestamp":"2026-08-11T11:54:49.935132","level":"info","event":"Filling up the DagBag from /home/airflow/.local/lib/python3.12/site-packages/airflow/example_dags/standard/example_branch_operator_decorator.py","logger":"airflow.models.dagbag.DagBag"}
{"timestamp":"2026-08-11T11:55:20.450808","level":"info","event":"Filling up the DagBag from /home/airflow/.local/lib/python3.12/site-packages/airflow/example_dags/standard/example_branch_operator_decorator.py","logger":"airflow.models.dagbag.DagBag"}
{"timestamp":"2026-08-11T11:55:30.770513Z","level":"critical","event":"Process terminated by signal. For more information, see https://airflow.apache.org/docs/apache-airflow/stable/troubleshooting.html#TaskRunner-killed","signal":-9,"signal_name":"SIGKILL","logger":"processor"}
{"timestamp":"2026-08-11T11:55:51.703266","level":"info","event":"Filling up the DagBag from /home/airflow/.local/lib/python3.12/site-packages/airflow/example_dags/standard/example_branch_operator_decorator.py","logger":"airflow.models.dagbag.DagBag"}
{"timestamp":"2026-08-11T11:55:58.751556Z","level":"critical","event":"Process terminated by signal. For more information, see https://airflow.apache.org/docs/apache-airflow/stable/troubleshooting.html#TaskRunner-killed","signal":-9,"signal_name":"SIGKILL","logger":"processor"}
{"timestamp":"2026-08-11T11:57:53.199567","level":"info","event":"Filling up the DagBag from /home/airflow/.local/lib/python3.12/site-packages/airflow/example_dags/standard/example_branch_operator_decorator.py","logger":"airflow.models.dagbag.DagBag"}
{"timestamp":"2026-08-11T11:58:24.958610","level":"info","event":"Filling up the DagBag from /home/airflow/.local/lib/python3.12/site-packages/airflow/example_dags/standard/example_branch_operator_decorator.py","logger":"airflow.models.dagbag.DagBag"}
{"timestamp":"2026-08-11T11:58:56.434663","level":"info","event":"Filling up the DagBag from /home/airflow/.local/lib/python3.12/site-packages/airflow/example_dags/standard/example_branch_operator_decorator.py","logger":"airflow.models.dagbag.DagBag"}
{"timestamp":"2026-08-11T11:59:27.019430","level":"info","event":"Filling up the DagBag from /home/airflow/.local/lib/python3.12/site-packages/airflow/example_dags/standard/example_branch_operator_decorator.py","logger":"airflow.models.dagbag.DagBag"}
{"timestamp":"2026-08-11T11:59:57.486455","level":"info","event":"Filling up the DagBag from /home/airflow/.local/lib/python3.12/site-packages/airflow/example_dags/standard/example_branch_operator_decorator.py","logger":"airflow.models.dagbag.DagBag"}
{"timestamp":"2026-08-11T12:00:27.984149","level":"info","event":"Filling up the DagBag from /home/airflow/.local/lib/python3.12/site-packages/airflow/example_dags/standard/example_branch_operator_decorator.py","logger":"airflow.models.dagbag.DagBag"}
{"timestamp":"2026-08-11T12:01:11.241878","level":"info","event":"Filling up the DagBag from /home/airflow/.local/lib/python3.12/site-packages/airflow/example_dags/standard/example_branch_operator_decorator.py","logger":"airflow.models.dagbag.DagBag"}
{"timestamp":"2026-08-11T12:01:41.925848","level":"info","event":"Filling up the DagBag from /home/airflow/.local/lib/python3.12/site-packages/airflow/example_dags/standard/example_branch_operator_decorator.py","logger":"airflow.models.dagbag.DagBag"}
{"timestamp":"2026-08-11T12:02:13.122918","level":"info","event":"Filling up the DagBag from /home/airflow/.local/lib/python3.12/site-packages/airflow/example_dags/standard/example_branch_operator_decorator.py","logger":"airflow.models.dagbag.DagBag"}
{"timestamp":"2026-08-11T12:03:48.698772","level":"info","event":"Filling up the DagBag from /home/airflow/.local/lib/python3.12/site-packages/airflow/example_dags/standard/example_branch_operator_decorator.py","logger":"airflow.models.dagbag.DagBag"}
{"timestamp":"2026-08-11T12:04:21.168339","level":"info","event":"Filling up the DagBag from /home/airflow/.local/lib/python3.12/site-packages/airflow/example_dags/standard/example_branch_operator_decorator.py","logger":"airflow.models.dagbag.DagBag"}
{"timestamp":"2026-08-11T12:04:52.633440","level":"info","event":"Filling up the DagBag from /home/airflow/.local/lib/python3.12/site-packages/airflow/example_dags/standard/example_branch_operator_decorator.py","logger":"airflow.models.dagbag.DagBag"}
{"timestamp":"2026-08-11T12:05:23.256603","level":"info","event":"Filling up the DagBag from /home/airflow/.local/lib/python3.12/site-packages/airflow/example_dags/standard/example_branch_operator_decorator.py","logger":"airflow.models.dagbag.DagBag"}
{"timestamp":"2026-08-11T13:05:42.014949","level":"info","event":"Filling up the DagBag from /home/airflow/.local/lib/python3.12/site-packages/airflow/example_dags/standard/example_branch_operator_decorator.py","logger":"airflow.models.dagbag.DagBag"}
{"timestamp":"2026-08-11T13:06:12.882154","level":"info","event":"Filling up the DagBag from /home/airflow/.local/lib/python3.12/site-packages/airflow/example_dags/standard/example_branch_operator_decorator.py","logger":"airflow.models.dagbag.DagBag"}
{"timestamp":"2026-08-11T13:06:43.088260","level":"info","event":"Filling up the DagBag from /home/airflow/.local/lib/python3.12/site-packages/airflow/example_dags/standard/example_branch_operator_decorator.py","logger":"airflow.models.dagbag.DagBag"}
{"timestamp":"2026-08-11T13:07:14.155888","level":"info","event":"Filling up the DagBag from /home/airflow/.local/lib/python3.12/site-packages/airflow/example_dags/standard/example_branch_operator_decorator.py","logger":"airflow.models.dagbag.DagBag"}
{"timestamp":"2026-08-11T13:07:50.005962","level":"info","event":"Filling up the DagBag from /home/airflow/.local/lib/python3.12/site-packages/airflow/example_dags/standard/example_branch_operator_decorator.py","logger":"airflow.models.dagbag.DagBag"}
{"timestamp":"2026-08-11T13:08:20.810851","level":"info","event":"Filling up the DagBag from /home/airflow/.local/lib/python3.12/site-packages/airflow/example_dags/standard/example_branch_operator_decorator.py","logger":"airflow.models.dagbag.DagBag"}
{"timestamp":"2026-08-11T13:08:53.006195","level":"info","event":"Filling up the DagBag from /home/airflow/.local/lib/python3.12/site-packages/airflow/example_dags/standard/example_branch_operator_decorator.py","logger":"airflow.models.dagbag.DagBag"}
{"timestamp":"2026-08-11T13:09:25.993656","level":"info","event":"Filling up the DagBag from /home/airflow/.local/lib/python3.12/site-packages/airflow/example_dags/standard/example_branch_operator_decorator.py","logger":"airflow.models.dagbag.DagBag"}
{"timestamp":"2026-08-11T13:11:12.844642","level":"info","event":"Filling up the DagBag from /home/airflow/.local/lib/python3.12/site-packages/airflow/example_dags/standard/example_branch_operator_decorator.py","logger":"airflow.models.dagbag.DagBag"}
{"timestamp":"2026-08-11T13:12:48.958859","level":"info","event":"Filling up the DagBag from /home/airflow/.local/lib/python3.12/site-packages/airflow/example_dags/standard/example_branch_operator_decorator.py","logger":"airflow.models.dagbag.DagBag"}
{"timestamp":"2026-08-11T13:13:19.135655","level":"info","event":"Filling up the DagBag from /home/airflow/.local/lib/python3.12/site-packages/airflow/example_dags/standard/example_branch_operator_decorator.py","logger":"airflow.models.dagbag.DagBag"}
{"timestamp":"2026-08-11T13:13:49.518880","level":"info","event":"Filling up the DagBag from /home/airflow/.local/lib/python3.12/site-packages/airflow/example_dags/standard/example_branch_operator_decorator.py","logger":"airflow.models.dagbag.DagBag"}
{"timestamp":"2026-08-11T13:14:20.495760","level":"info","event":"Filling up the DagBag from /home/airflow/.local/lib/python3.12/site-packages/airflow/example_dags/standard/example_branch_operator_decorator.py","logger":"airflow.models.dagbag.DagBag"}
{"timestamp":"2026-08-11T13:14:51.489566","level":"info","event":"Filling up the DagBag from /home/airflow/.local/lib/python3.12/site-packages/airflow/example_dags/standard/example_branch_operator_decorator.py","logger":"airflow.models.dagbag.DagBag"}
{"timestamp":"2026-08-11T13:15:22.384194","level":"info","event":"Filling up the DagBag from /home/airflow/.local/lib/python3.12/site-packages/airflow/example_dags/standard/example_branch_operator_decorator.py","logger":"airflow.models.dagbag.DagBag"}
{"timestamp":"2026-08-11T13:15:52.918057","level":"info","event":"Filling up the DagBag from /home/airflow/.local/lib/python3.12/site-packages/airflow/example_dags/standard/example_branch_operator_decorator.py","logger":"airflow.models.dagbag.DagBag"}
{"timestamp":"2026-08-11T13:16:23.432030","level":"info","event":"Filling up the DagBag from /home/airflow/.local/lib/python3.12/site-packages/airflow/example_dags/standard/example_branch_operator_decorator.py","logger":"airflow.models.dagbag.DagBag"}
{"timestamp":"2026-08-11T13:16:53.656732","level":"info","event":"Filling up the DagBag from /home/airflow/.local/lib/python3.12/site-packages/airflow/example_dags/standard/example_branch_operator_decorator.py","logger":"airflow.models.dagbag.DagBag"}
{"timestamp":"2026-08-11T13:17:24.592296","level":"info","event":"Filling up the DagBag from /home/airflow/.local/lib/python3.12/site-packages/airflow/example_dags/standard/example_branch_operator_decorator.py","logger":"airflow.models.dagbag.DagBag"}
{"timestamp":"2026-08-11T13:17:54.765154","level":"info","event":"Filling up the DagBag from /home/airflow/.local/lib/python3.12/site-packages/airflow/example_dags/standard/example_branch_operator_decorator.py","logger":"airflow.models.dagbag.DagBag"}
{"timestamp":"2026-08-11T13:18:25.732240","level":"info","event":"Filling up the DagBag from /home/airflow/.local/lib/python3.12/site-packages/airflow/example_dags/standard/example_branch_operator_decorator.py","logger":"airflow.models.dagbag.DagBag"}
{"timestamp":"2026-08-11T13:18:56.377766","level":"info","event":"Filling up the DagBag from /home/airflow/.local/lib/python3.12/site-packages/airflow/example_dags/standard/example_branch_operator_decorator.py","logger":"airflow.models.dagbag.DagBag"}
{"timestamp":"2026-08-11T13:19:26.883484","level":"info","event":"Filling up the DagBag from /home/airflow/.local/lib/python3.12/site-packages/airflow/example_dags/standard/example_branch_operator_decorator.py","logger":"airflow.models.dagbag.DagBag"}
{"timestamp":"2026-08-11T13:19:57.201223","level":"info","event":"Filling up the DagBag from /home/airflow/.local/lib/python3.12/site-packages/airflow/example_dags/standard/example_branch_operator_decorator.py","logger":"airflow.models.dagbag.DagBag"}
{"timestamp":"2026-08-11T13:20:27.612820","level":"info","event":"Filling up the DagBag from /home/airflow/.local/lib/python3.12/site-packages/airflow/example_dags/standard/example_branch_operator_decorator.py","logger":"airflow.models.dagbag.DagBag"}
{"timestamp":"2026-08-11T13:20:58.168344","level":"info","event":"Filling up the DagBag from /home/airflow/.local/lib/python3.12/site-packages/airflow/example_dags/standard/example_branch_operator_decorator.py","logger":"airflow.models.dagbag.DagBag"}
{"timestamp":"2026-08-11T13:21:49.637342","level":"info","event":"Filling up the DagBag from /home/airflow/.local/lib/python3.12/site-packages/airflow/example_dags/standard/example_branch_operator_decorator.py","logger":"airflow.models.dagbag.DagBag"}
{"timestamp":"2026-08-11T13:23:51.033096","level":"info","event":"Filling up the DagBag from /home/airflow/.local/lib/python3.12/site-packages/airflow/example_dags/standard/example_branch_operator_decorator.py","logger":"airflow.models.dagbag.DagBag"}
{"timestamp":"2026-08-11T13:24:37.694213","level":"info","event":"Filling up the DagBag from /home/airflow/.local/lib/python3.12/site-packages/airflow/example_dags/standard/example_branch_operator_decorator.py","logger":"airflow.models.dagbag.DagBag"}
{"timestamp":"2026-08-11T13:25:26.924866","level":"info","event":"Filling up the DagBag from /home/airflow/.local/lib/python3.12/site-packages/airflow/example_dags/standard/example_branch_operator_decorator.py","logger":"airflow.models.dagbag.DagBag"}
{"timestamp":"2026-08-11T13:25:57.534288","level":"info","event":"Filling up the DagBag from /home/airflow/.local/lib/python3.12/site-packages/airflow/example_dags/standard/example_branch_operator_decorator.py","logger":"airflow.models.dagbag.DagBag"}
{"timestamp":"2026-08-11T13:26:32.976563","level":"info","event":"Filling up the DagBag from /home/airflow/.local/lib/python3.12/site-packages/airflow/example_dags/standard/example_branch_operator_decorator.py","logger":"airflow.models.dagbag.DagBag"}
{"timestamp":"2026-08-11T13:28:43.177582","level":"info","event":"Filling up the DagBag from /home/airflow/.local/lib/python3.12/site-packages/airflow/example_dags/standard/example_branch_operator_decorator.py","logger":"airflow.models.dagbag.DagBag"}
{"timestamp":"2026-08-11T13:30:49.055741","level":"info","event":"Filling up the DagBag from /home/airflow/.local/lib/python3.12/site-packages/airflow/example_dags/standard/example_branch_operator_decorator.py","logger":"airflow.models.dagbag.DagBag"}
{"timestamp":"2026-08-11T13:32:19.409053","level":"info","event":"Filling up the DagBag from /home/airflow/.local/lib/python3.12/site-packages/airflow/example_dags/standard/example_branch_operator_decorator.py","logger":"airflow.models.dagbag.DagBag"}
{"timestamp":"2026-08-11T13:33:17.530000","level":"info","event":"Filling up the DagBag from /home/airflow/.local/lib/python3.12/site-packages/airflow/example_dags/standard/example_branch_operator_decorator.py","logger":"airflow.models.dagbag.DagBag"}
{"timestamp":"2026-08-11T13:33:48.753050","level":"info","event":"Filling up the DagBag from /home/airflow/.local/lib/python3.12/site-packages/airflow/example_dags/standard/example_branch_operator_decorator.py","logger":"airflow.models.dagbag.DagBag"}
{"timestamp":"2026-08-11T13:34:25.779131","level":"info","event":"Filling up the DagBag from /home/airflow/.local/lib/python3.12/site-packages/airflow/example_dags/standard/example_branch_operator_decorator.py","logger":"airflow.models.dagbag.DagBag"}
{"timestamp":"2026-08-11T13:35:10.426588","level":"info","event":"Filling up the DagBag from /home/airflow/.local/lib/python3.12/site-packages/airflow/example_dags/standard/example_branch_operator_decorator.py","logger":"airflow.models.dagbag.DagBag"}
{"timestamp":"2026-08-11T13:35:40.864258","level":"info","event":"Filling up the DagBag from /home/airflow/.local/lib/python3.12/site-packages/airflow/example_dags/standard/example_branch_operator_decorator.py","logger":"airflow.models.dagbag.DagBag"}
{"timestamp":"2026-08-11T15:13:12.206043","level":"info","event":"Filling up the DagBag from /home/airflow/.local/lib/python3.12/site-packages/airflow/example_dags/standard/example_branch_operator_decorator.py","logger":"airflow.models.dagbag.DagBag"}
{"timestamp":"2026-08-11T15:13:47.459562","level":"info","event":"Filling up the DagBag from /home/airflow/.local/lib/python3.12/site-packages/airflow/example_dags/standard/example_branch_operator_decorator.py","logger":"airflow.models.dagbag.DagBag"}
{"timestamp":"2026-08-11T15:15:33.929684","level":"info","event":"Filling up the DagBag from /home/airflow/.local/lib/python3.12/site-packages/airflow/example_dags/standard/example_branch_operator_decorator.py","logger":"airflow.models.dagbag.DagBag"}
{"timestamp":"2026-08-11T15:16:04.248178","level":"info","event":"Filling up the DagBag from /home/airflow/.local/lib/python3.12/site-packages/airflow/example_dags/standard/example_branch_operator_decorator.py","logger":"airflow.models.dagbag.DagBag"}
{"timestamp":"2026-08-11T15:16:35.091397","level":"info","event":"Filling up the DagBag from /home/airflow/.local/lib/python3.12/site-packages/airflow/example_dags/standard/example_branch_operator_decorator.py","logger":"airflow.models.dagbag.DagBag"}
{"timestamp":"2026-08-11T15:17:05.955720","level":"info","event":"Filling up the DagBag from /home/airflow/.local/lib/python3.12/site-packages/airflow/example_dags/standard/example_branch_operator_decorator.py","logger":"airflow.models.dagbag.DagBag"}
{"timestamp":"2026-08-11T15:17:36.773031","level":"info","event":"Filling up the DagBag from /home/airflow/.local/lib/python3.12/site-packages/airflow/example_dags/standard/example_branch_operator_decorator.py","logger":"airflow.models.dagbag.DagBag"}
{"timestamp":"2026-08-11T15:18:07.325016","level":"info","event":"Filling up the DagBag from /home/airflow/.local/lib/python3.12/site-packages/airflow/example_dags/standard/example_branch_operator_decorator.py","logger":"airflow.models.dagbag.DagBag"}
{"timestamp":"2026-08-11T15:18:38.362795","level":"info","event":"Filling up the DagBag from /home/airflow/.local/lib/python3.12/site-packages/airflow/example_dags/standard/example_branch_operator_decorator.py","logger":"airflow.models.dagbag.DagBag"}
{"timestamp":"2026-08-11T15:19:08.649338","level":"info","event":"Filling up the DagBag from /home/airflow/.local/lib/python3.12/site-packages/airflow/example_dags/standard/example_branch_operator_decorator.py","logger":"airflow.models.dagbag.DagBag"}
{"timestamp":"2026-08-11T15:19:39.015246","level":"info","event":"Filling up the DagBag from /home/airflow/.local/lib/python3.12/site-packages/airflow/example_dags/standard/example_branch_operator_decorator.py","logger":"airflow.models.dagbag.DagBag"}
{"timestamp":"2026-08-11T15:20:09.183287","level":"info","event":"Filling up the DagBag from /home/airflow/.local/lib/python3.12/site-packages/airflow/example_dags/standard/example_branch_operator_decorator.py","logger":"airflow.models.dagbag.DagBag"}
{"timestamp":"2026-08-11T15:20:39.500653","level":"info","event":"Filling up the DagBag from /home/airflow/.local/lib/python3.12/site-packages/airflow/example_dags/standard/example_branch_operator_decorator.py","logger":"airflow.models.dagbag.DagBag"}
{"timestamp":"2026-08-11T15:21:10.484382","level":"info","event":"Filling up the DagBag from /home/airflow/.local/lib/python3.12/site-packages/airflow/example_dags/standard/example_branch_operator_decorator.py","logger":"airflow.models.dagbag.DagBag"}
{"timestamp":"2026-08-11T15:21:41.132414","level":"info","event":"Filling up the DagBag from /home/airflow/.local/lib/python3.12/site-packages/airflow/example_dags/standard/example_branch_operator_decorator.py","logger":"airflow.models.dagbag.DagBag"}
{"timestamp":"2026-08-11T15:22:11.708986","level":"info","event":"Filling up the DagBag from /home/airflow/.local/lib/python3.12/site-packages/airflow/example_dags/standard/example_branch_operator_decorator.py","logger":"airflow.models.dagbag.DagBag"}
{"timestamp":"2026-08-11T15:22:42.184189","level":"info","event":"Filling up the DagBag from /home/airflow/.local/lib/python3.12/site-packages/airflow/example_dags/standard/example_branch_operator_decorator.py","logger":"airflow.models.dagbag.DagBag"}
{"timestamp":"2026-08-11T15:23:12.604311","level":"info","event":"Filling up the DagBag from /home/airflow/.local/lib/python3.12/site-packages/airflow/example_dags/standard/example_branch_operator_decorator.py","logger":"airflow.models.dagbag.DagBag"}
{"timestamp":"2026-08-11T15:23:42.732491","level":"info","event":"Filling up the DagBag from /home/airflow/.local/lib/python3.12/site-packages/airflow/example_dags/standard/example_branch_operator_decorator.py","logger":"airflow.models.dagbag.DagBag"}
{"timestamp":"2026-08-11T15:24:12.841978","level":"info","event":"Filling up the DagBag from /home/airflow/.local/lib/python3.12/site-packages/airflow/example_dags/standard/example_branch_operator_decorator.py","logger":"airflow.models.dagbag.DagBag"}
{"timestamp":"2026-08-11T15:24:43.181255","level":"info","event":"Filling up the DagBag from /home/airflow/.local/lib/python3.12/site-packages/airflow/example_dags/standard/example_branch_operator_decorator.py","logger":"airflow.models.dagbag.DagBag"}
{"timestamp":"2026-08-11T15:25:13.768986","level":"info","event":"Filling up the DagBag from /home/airflow/.local/lib/python3.12/site-packages/airflow/example_dags/standard/example_branch_operator_decorator.py","logger":"airflow.models.dagbag.DagBag"}
{"timestamp":"2026-08-11T15:25:44.786769","level":"info","event":"Filling up the DagBag from /home/airflow/.local/lib/python3.12/site-packages/airflow/example_dags/standard/example_branch_operator_decorator.py","logger":"airflow.models.dagbag.DagBag"}
{"timestamp":"2026-08-11T15:26:15.144676","level":"info","event":"Filling up the DagBag from /home/airflow/.local/lib/python3.12/site-packages/airflow/example_dags/standard/example_branch_operator_decorator.py","logger":"airflow.models.dagbag.DagBag"}
{"timestamp":"2026-08-11T15:26:45.386559","level":"info","event":"Filling up the DagBag from /home/airflow/.local/lib/python3.12/site-packages/airflow/example_dags/standard/example_branch_operator_decorator.py","logger":"airflow.models.dagbag.DagBag"}
{"timestamp":"2026-08-11T15:27:15.925757","level":"info","event":"Filling up the DagBag from /home/airflow/.local/lib/python3.12/site-packages/airflow/example_dags/standard/example_branch_operator_decorator.py","logger":"airflow.models.dagbag.DagBag"}
{"timestamp":"2026-08-11T15:27:46.380142","level":"info","event":"Filling up the DagBag from /home/airflow/.local/lib/python3.12/site-packages/airflow/example_dags/standard/example_branch_operator_decorator.py","logger":"airflow.models.dagbag.DagBag"}
{"timestamp":"2026-08-11T15:28:16.555516","level":"info","event":"Filling up the DagBag from /home/airflow/.local/lib/python3.12/site-packages/airflow/example_dags/standard/example_branch_operator_decorator.py","logger":"airflow.models.dagbag.DagBag"}
{"timestamp":"2026-08-11T15:28:47.556946","level":"info","event":"Filling up the DagBag from /home/airflow/.local/lib/python3.12/site-packages/airflow/example_dags/standard/example_branch_operator_decorator.py","logger":"airflow.models.dagbag.DagBag"}
{"timestamp":"2026-08-11T15:29:17.915160","level":"info","event":"Filling up the DagBag from /home/airflow/.local/lib/python3.12/site-packages/airflow/example_dags/standard/example_branch_operator_decorator.py","logger":"airflow.models.dagbag.DagBag"}
{"timestamp":"2026-08-11T15:29:48.068102","level":"info","event":"Filling up the DagBag from /home/airflow/.local/lib/python3.12/site-packages/airflow/example_dags/standard/example_branch_operator_decorator.py","logger":"airflow.models.dagbag.DagBag"}
{"timestamp":"2026-08-11T15:30:18.797055","level":"info","event":"Filling up the DagBag from /home/airflow/.local/lib/python3.12/site-packages/airflow/example_dags/standard/example_branch_operator_decorator.py","logger":"airflow.models.dagbag.DagBag"}
{"timestamp":"2026-08-11T15:30:49.294301","level":"info","event":"Filling up the DagBag from /home/airflow/.local/lib/python3.12/site-packages/airflow/example_dags/standard/example_branch_operator_decorator.py","logger":"airflow.models.dagbag.DagBag"}
{"timestamp":"2026-08-11T15:31:20.086550","level":"info","event":"Filling up the DagBag from /home/airflow/.local/lib/python3.12/site-packages/airflow/example_dags/standard/example_branch_operator_decorator.py","logger":"airflow.models.dagbag.DagBag"}
{"timestamp":"2026-08-11T15:31:50.732515","level":"info","event":"Filling up the DagBag from /home/airflow/.local/lib/python3.12/site-packages/airflow/example_dags/standard/example_branch_operator_decorator.py","logger":"airflow.models.dagbag.DagBag"}
{"timestamp":"2026-08-11T15:32:21.324435","level":"info","event":"Filling up the DagBag from /home/airflow/.local/lib/python3.12/site-packages/airflow/example_dags/standard/example_branch_operator_decorator.py","logger":"airflow.models.dagbag.DagBag"}
{"timestamp":"2026-08-11T15:34:37.183666","level":"info","event":"Filling up the DagBag from /home/airflow/.local/lib/python3.12/site-packages/airflow/example_dags/standard/example_branch_operator_decorator.py","logger":"airflow.models.dagbag.DagBag"}
{"timestamp":"2026-08-11T15:35:07.562983","level":"info","event":"Filling up the DagBag from /home/airflow/.local/lib/python3.12/site-packages/airflow/example_dags/standard/example_branch_operator_decorator.py","logger":"airflow.models.dagbag.DagBag"}
{"timestamp":"2026-08-11T15:36:20.373946","level":"info","event":"Filling up the DagBag from /home/airflow/.local/lib/python3.12/site-packages/airflow/example_dags/standard/example_branch_operator_decorator.py","logger":"airflow.models.dagbag.DagBag"}
{"timestamp":"2026-08-11T15:37:01.361246","level":"info","event":"Filling up the DagBag from /home/airflow/.local/lib/python3.12/site-packages/airflow/example_dags/standard/example_branch_operator_decorator.py","logger":"airflow.models.dagbag.DagBag"}
{"timestamp":"2026-08-11T15:38:18.764780","level":"info","event":"Filling up the DagBag from /home/airflow/.local/lib/python3.12/site-packages/airflow/example_dags/standard/example_branch_operator_decorator.py","logger":"airflow.models.dagbag.DagBag"}
{"timestamp":"2026-08-11T15:39:01.365166","level":"info","event":"Filling up the DagBag from /home/airflow/.local/lib/python3.12/site-packages/airflow/example_dags/standard/example_branch_operator_decorator.py","logger":"airflow.models.dagbag.DagBag"}
{"timestamp":"2026-08-11T15:41:29.077026","level":"info","event":"Filling up the DagBag from /home/airflow/.local/lib/python3.12/site-packages/airflow/example_dags/standard/example_branch_operator_decorator.py","logger":"airflow.models.dagbag.DagBag"}
{"timestamp":"2026-08-11T15:42:22.789433","level":"info","event":"Filling up the DagBag from /home/airflow/.local/lib/python3.12/site-packages/airflow/example_dags/standard/example_branch_operator_decorator.py","logger":"airflow.models.dagbag.DagBag"}
{"timestamp":"2026-08-11T15:42:53.824710","level":"info","event":"Filling up the DagBag from /home/airflow/.local/lib/python3.12/site-packages/airflow/example_dags/standard/example_branch_operator_decorator.py","logger":"airflow.models.dagbag.DagBag"}
{"timestamp":"2026-08-11T15:44:13.356796","level":"info","event":"Filling up the DagBag from /home/airflow/.local/lib/python3.12/site-packages/airflow/example_dags/standard/example_branch_operator_decorator.py","logger":"airflow.models.dagbag.DagBag"}
{"timestamp":"2026-08-11T15:44:55.093957","level":"info","event":"Filling up the DagBag from /home/airflow/.local/lib/python3.12/site-packages/airflow/example_dags/standard/example_branch_operator_decorator.py","logger":"airflow.models.dagbag.DagBag"}
{"timestamp":"2026-08-11T15:48:48.920672","level":"info","event":"Filling up the DagBag from /home/airflow/.local/lib/python3.12/site-packages/airflow/example_dags/standard/example_branch_operator_decorator.py","logger":"airflow.models.dagbag.DagBag"}
{"timestamp":"2026-08-11T15:49:19.495025","level":"info","event":"Filling up the DagBag from /home/airflow/.local/lib/python3.12/site-packages/airflow/example_dags/standard/example_branch_operator_decorator.py","logger":"airflow.models.dagbag.DagBag"}
{"timestamp":"2026-08-11T15:49:50.293479","level":"info","event":"Filling up the DagBag from /home/airflow/.local/lib/python3.12/site-packages/airflow/example_dags/standard/example_branch_operator_decorator.py","logger":"airflow.models.dagbag.DagBag"}
{"timestamp":"2026-08-11T15:50:21.515724","level":"info","event":"Filling up the DagBag from /home/airflow/.local/lib/python3.12/site-packages/airflow/example_dags/standard/example_branch_operator_decorator.py","logger":"airflow.models.dagbag.DagBag"}
{"timestamp":"2026-08-11T15:50:52.293420","level":"info","event":"Filling up the DagBag from /home/airflow/.local/lib/python3.12/site-packages/airflow/example_dags/standard/example_branch_operator_decorator.py","logger":"airflow.models.dagbag.DagBag"}
{"timestamp":"2026-08-11T15:51:23.300939","level":"info","event":"Filling up the DagBag from /home/airflow/.local/lib/python3.12/site-packages/airflow/example_dags/standard/example_branch_operator_decorator.py","logger":"airflow.models.dagbag.DagBag"}
{"timestamp":"2026-08-11T15:51:53.895038","level":"info","event":"Filling up the DagBag from /home/airflow/.local/lib/python3.12/site-packages/airflow/example_dags/standard/example_branch_operator_decorator.py","logger":"airflow.models.dagbag.DagBag"}
{"timestamp":"2026-08-11T15:52:24.712774","level":"info","event":"Filling up the DagBag from /home/airflow/.local/lib/python3.12/site-packages/airflow/example_dags/standard/example_branch_operator_decorator.py","logger":"airflow.models.dagbag.DagBag"}
{"timestamp":"2026-08-11T15:52:55.077825","level":"info","event":"Filling up the DagBag from /home/airflow/.local/lib/python3.12/site-packages/airflow/example_dags/standard/example_branch_operator_decorator.py","logger":"airflow.models.dagbag.DagBag"}
{"timestamp":"2026-08-11T15:53:25.275924","level":"info","event":"Filling up the DagBag from /home/airflow/.local/lib/python3.12/site-packages/airflow/example_dags/standard/example_branch_operator_decorator.py","logger":"airflow.models.dagbag.DagBag"}
{"timestamp":"2026-08-11T15:53:55.781462","level":"info","event":"Filling up the DagBag from /home/airflow/.local/lib/python3.12/site-packages/airflow/example_dags/standard/example_branch_operator_decorator.py","logger":"airflow.models.dagbag.DagBag"}
{"timestamp":"2026-08-11T15:54:26.668832","level":"info","event":"Filling up the DagBag from /home/airflow/.local/lib/python3.12/site-packages/airflow/example_dags/standard/example_branch_operator_decorator.py","logger":"airflow.models.dagbag.DagBag"}
{"timestamp":"2026-08-11T15:54:57.266334","level":"info","event":"Filling up the DagBag from /home/airflow/.local/lib/python3.12/site-packages/airflow/example_dags/standard/example_branch_operator_decorator.py","logger":"airflow.models.dagbag.DagBag"}
{"timestamp":"2026-08-11T15:55:28.016527","level":"info","event":"Filling up the DagBag from /home/airflow/.local/lib/python3.12/site-packages/airflow/example_dags/standard/example_branch_operator_decorator.py","logger":"airflow.models.dagbag.DagBag"}
{"timestamp":"2026-08-11T15:55:58.666361","level":"info","event":"Filling up the DagBag from /home/airflow/.local/lib/python3.12/site-packages/airflow/example_dags/standard/example_branch_operator_decorator.py","logger":"airflow.models.dagbag.DagBag"}
{"timestamp":"2026-08-11T15:56:29.166890","level":"info","event":"Filling up the DagBag from /home/airflow/.local/lib/python3.12/site-packages/airflow/example_dags/standard/example_branch_operator_decorator.py","logger":"airflow.models.dagbag.DagBag"}
{"timestamp":"2026-08-11T15:56:59.765178","level":"info","event":"Filling up the DagBag from /home/airflow/.local/lib/python3.12/site-packages/airflow/example_dags/standard/example_branch_operator_decorator.py","logger":"airflow.models.dagbag.DagBag"}
{"timestamp":"2026-08-11T15:57:30.830559","level":"info","event":"Filling up the DagBag from /home/airflow/.local/lib/python3.12/site-packages/airflow/example_dags/standard/example_branch_operator_decorator.py","logger":"airflow.models.dagbag.DagBag"}
{"timestamp":"2026-08-11T15:58:01.008781","level":"info","event":"Filling up the DagBag from /home/airflow/.local/lib/python3.12/site-packages/airflow/example_dags/standard/example_branch_operator_decorator.py","logger":"airflow.models.dagbag.DagBag"}
{"timestamp":"2026-08-11T15:58:31.209219","level":"info","event":"Filling up the DagBag from /home/airflow/.local/lib/python3.12/site-packages/airflow/example_dags/standard/example_branch_operator_decorator.py","logger":"airflow.models.dagbag.DagBag"}
{"timestamp":"2026-08-11T15:59:02.225118","level":"info","event":"Filling up the DagBag from /home/airflow/.local/lib/python3.12/site-packages/airflow/example_dags/standard/example_branch_operator_decorator.py","logger":"airflow.models.dagbag.DagBag"}
{"timestamp":"2026-08-11T15:59:33.177119","level":"info","event":"Filling up the DagBag from /home/airflow/.local/lib/python3.12/site-packages/airflow/example_dags/standard/example_branch_operator_decorator.py","logger":"airflow.models.dagbag.DagBag"}
{"timestamp":"2026-08-11T16:00:03.751646","level":"info","event":"Filling up the DagBag from /home/airflow/.local/lib/python3.12/site-packages/airflow/example_dags/standard/example_branch_operator_decorator.py","logger":"airflow.models.dagbag.DagBag"}
{"timestamp":"2026-08-11T16:00:34.256311","level":"info","event":"Filling up the DagBag from /home/airflow/.local/lib/python3.12/site-packages/airflow/example_dags/standard/example_branch_operator_decorator.py","logger":"airflow.models.dagbag.DagBag"}
{"timestamp":"2026-08-11T16:01:04.621838","level":"info","event":"Filling up the DagBag from /home/airflow/.local/lib/python3.12/site-packages/airflow/example_dags/standard/example_branch_operator_decorator.py","logger":"airflow.models.dagbag.DagBag"}
{"timestamp":"2026-08-11T16:01:35.413537","level":"info","event":"Filling up the DagBag from /home/airflow/.local/lib/python3.12/site-packages/airflow/example_dags/standard/example_branch_operator_decorator.py","logger":"airflow.models.dagbag.DagBag"}
{"timestamp":"2026-08-11T16:02:06.474206","level":"info","event":"Filling up the DagBag from /home/airflow/.local/lib/python3.12/site-packages/airflow/example_dags/standard/example_branch_operator_decorator.py","logger":"airflow.models.dagbag.DagBag"}
{"timestamp":"2026-08-11T16:02:36.833492","level":"info","event":"Filling up the DagBag from /home/airflow/.local/lib/python3.12/site-packages/airflow/example_dags/standard/example_branch_operator_decorator.py","logger":"airflow.models.dagbag.DagBag"}
{"timestamp":"2026-08-11T16:03:07.605010","level":"info","event":"Filling up the DagBag from /home/airflow/.local/lib/python3.12/site-packages/airflow/example_dags/standard/example_branch_operator_decorator.py","logger":"airflow.models.dagbag.DagBag"}
{"timestamp":"2026-08-11T16:03:38.563860","level":"info","event":"Filling up the DagBag from /home/airflow/.local/lib/python3.12/site-packages/airflow/example_dags/standard/example_branch_operator_decorator.py","logger":"airflow.models.dagbag.DagBag"}
{"timestamp":"2026-08-11T16:04:12.872012","level":"info","event":"Filling up the DagBag from /home/airflow/.local/lib/python3.12/site-packages/airflow/example_dags/standard/example_branch_operator_decorator.py","logger":"airflow.models.dagbag.DagBag"}
{"timestamp":"2026-08-11T16:04:43.677659","level":"info","event":"Filling up the DagBag from /home/airflow/.local/lib/python3.12/site-packages/airflow/example_dags/standard/example_branch_operator_decorator.py","logger":"airflow.models.dagbag.DagBag"}
{"timestamp":"2026-08-11T16:05:13.955092","level":"info","event":"Filling up the DagBag from /home/airflow/.local/lib/python3.12/site-packages/airflow/example_dags/standard/example_branch_operator_decorator.py","logger":"airflow.models.dagbag.DagBag"}
{"timestamp":"2026-08-11T16:05:44.168010","level":"info","event":"Filling up the DagBag from /home/airflow/.local/lib/python3.12/site-packages/airflow/example_dags/standard/example_branch_operator_decorator.py","logger":"airflow.models.dagbag.DagBag"}
{"timestamp":"2026-08-11T16:06:14.738299","level":"info","event":"Filling up the DagBag from /home/airflow/.local/lib/python3.12/site-packages/airflow/example_dags/standard/example_branch_operator_decorator.py","logger":"airflow.models.dagbag.DagBag"}
{"timestamp":"2026-08-11T16:06:45.055960","level":"info","event":"Filling up the DagBag from /home/airflow/.local/lib/python3.12/site-packages/airflow/example_dags/standard/example_branch_operator_decorator.py","logger":"airflow.models.dagbag.DagBag"}
{"timestamp":"2026-08-11T16:07:15.349996","level":"info","event":"Filling up the DagBag from /home/airflow/.local/lib/python3.12/site-packages/airflow/example_dags/standard/example_branch_operator_decorator.py","logger":"airflow.models.dagbag.DagBag"}
{"timestamp":"2026-08-11T16:07:46.406829","level":"info","event":"Filling up the DagBag from /home/airflow/.local/lib/python3.12/site-packages/airflow/example_dags/standard/example_branch_operator_decorator.py","logger":"airflow.models.dagbag.DagBag"}
{"timestamp":"2026-08-11T16:08:16.914210","level":"info","event":"Filling up the DagBag from /home/airflow/.local/lib/python3.12/site-packages/airflow/example_dags/standard/example_branch_operator_decorator.py","logger":"airflow.models.dagbag.DagBag"}
{"timestamp":"2026-08-11T16:08:47.692472","level":"info","event":"Filling up the DagBag from /home/airflow/.local/lib/python3.12/site-packages/airflow/example_dags/standard/example_branch_operator_decorator.py","logger":"airflow.models.dagbag.DagBag"}
{"timestamp":"2026-08-11T16:09:17.936258","level":"info","event":"Filling up the DagBag from /home/airflow/.local/lib/python3.12/site-packages/airflow/example_dags/standard/example_branch_operator_decorator.py","logger":"airflow.models.dagbag.DagBag"}
{"timestamp":"2026-08-11T16:09:48.113970","level":"info","event":"Filling up the DagBag from /home/airflow/.local/lib/python3.12/site-packages/airflow/example_dags/standard/example_branch_operator_decorator.py","logger":"airflow.models.dagbag.DagBag"}
{"timestamp":"2026-08-11T16:10:19.235891","level":"info","event":"Filling up the DagBag from /home/airflow/.local/lib/python3.12/site-packages/airflow/example_dags/standard/example_branch_operator_decorator.py","logger":"airflow.models.dagbag.DagBag"}
{"timestamp":"2026-08-11T16:10:49.522858","level":"info","event":"Filling up the DagBag from /home/airflow/.local/lib/python3.12/site-packages/airflow/example_dags/standard/example_branch_operator_decorator.py","logger":"airflow.models.dagbag.DagBag"}
{"timestamp":"2026-08-11T16:11:19.822074","level":"info","event":"Filling up the DagBag from /home/airflow/.local/lib/python3.12/site-packages/airflow/example_dags/standard/example_branch_operator_decorator.py","logger":"airflow.models.dagbag.DagBag"}
{"timestamp":"2026-08-11T16:11:50.553574","level":"info","event":"Filling up the DagBag from /home/airflow/.local/lib/python3.12/site-packages/airflow/example_dags/standard/example_branch_operator_decorator.py","logger":"airflow.models.dagbag.DagBag"}
{"timestamp":"2026-08-11T16:12:20.860328","level":"info","event":"Filling up the DagBag from /home/airflow/.local/lib/python3.12/site-packages/airflow/example_dags/standard/example_branch_operator_decorator.py","logger":"airflow.models.dagbag.DagBag"}
{"timestamp":"2026-08-11T16:12:51.190364","level":"info","event":"Filling up the DagBag from /home/airflow/.local/lib/python3.12/site-packages/airflow/example_dags/standard/example_branch_operator_decorator.py","logger":"airflow.models.dagbag.DagBag"}
{"timestamp":"2026-08-11T16:13:21.943712","level":"info","event":"Filling up the DagBag from /home/airflow/.local/lib/python3.12/site-packages/airflow/example_dags/standard/example_branch_operator_decorator.py","logger":"airflow.models.dagbag.DagBag"}
{"timestamp":"2026-08-11T16:13:52.911564","level":"info","event":"Filling up the DagBag from /home/airflow/.local/lib/python3.12/site-packages/airflow/example_dags/standard/example_branch_operator_decorator.py","logger":"airflow.models.dagbag.DagBag"}
{"timestamp":"2026-08-11T16:14:23.204995","level":"info","event":"Filling up the DagBag from /home/airflow/.local/lib/python3.12/site-packages/airflow/example_dags/standard/example_branch_operator_decorator.py","logger":"airflow.models.dagbag.DagBag"}
{"timestamp":"2026-08-11T16:14:53.589415","level":"info","event":"Filling up the DagBag from /home/airflow/.local/lib/python3.12/site-packages/airflow/example_dags/standard/example_branch_operator_decorator.py","logger":"airflow.models.dagbag.DagBag"}
{"timestamp":"2026-08-11T16:15:24.548879","level":"info","event":"Filling up the DagBag from /home/airflow/.local/lib/python3.12/site-packages/airflow/example_dags/standard/example_branch_operator_decorator.py","logger":"airflow.models.dagbag.DagBag"}
{"timestamp":"2026-08-11T16:15:54.879365","level":"info","event":"Filling up the DagBag from /home/airflow/.local/lib/python3.12/site-packages/airflow/example_dags/standard/example_branch_operator_decorator.py","logger":"airflow.models.dagbag.DagBag"}
{"timestamp":"2026-08-11T16:16:25.090027","level":"info","event":"Filling up the DagBag from /home/airflow/.local/lib/python3.12/site-packages/airflow/example_dags/standard/example_branch_operator_decorator.py","logger":"airflow.models.dagbag.DagBag"}
{"timestamp":"2026-08-11T16:16:56.075031","level":"info","event":"Filling up the DagBag from /home/airflow/.local/lib/python3.12/site-packages/airflow/example_dags/standard/example_branch_operator_decorator.py","logger":"airflow.models.dagbag.DagBag"}
{"timestamp":"2026-08-11T16:17:26.351827","level":"info","event":"Filling up the DagBag from /home/airflow/.local/lib/python3.12/site-packages/airflow/example_dags/standard/example_branch_operator_decorator.py","logger":"airflow.models.dagbag.DagBag"}
{"timestamp":"2026-08-11T16:17:57.329363","level":"info","event":"Filling up the DagBag from /home/airflow/.local/lib/python3.12/site-packages/airflow/example_dags/standard/example_branch_operator_decorator.py","logger":"airflow.models.dagbag.DagBag"}
{"timestamp":"2026-08-11T16:18:27.923443","level":"info","event":"Filling up the DagBag from /home/airflow/.local/lib/python3.12/site-packages/airflow/example_dags/standard/example_branch_operator_decorator.py","logger":"airflow.models.dagbag.DagBag"}
{"timestamp":"2026-08-11T16:18:58.227316","level":"info","event":"Filling up the DagBag from /home/airflow/.local/lib/python3.12/site-packages/airflow/example_dags/standard/example_branch_operator_decorator.py","logger":"airflow.models.dagbag.DagBag"}
{"timestamp":"2026-08-11T16:19:28.480942","level":"info","event":"Filling up the DagBag from /home/airflow/.local/lib/python3.12/site-packages/airflow/example_dags/standard/example_branch_operator_decorator.py","logger":"airflow.models.dagbag.DagBag"}
{"timestamp":"2026-08-11T16:19:58.897483","level":"info","event":"Filling up the DagBag from /home/airflow/.local/lib/python3.12/site-packages/airflow/example_dags/standard/example_branch_operator_decorator.py","logger":"airflow.models.dagbag.DagBag"}
{"timestamp":"2026-08-11T16:20:29.645672","level":"info","event":"Filling up the DagBag from /home/airflow/.local/lib/python3.12/site-packages/airflow/example_dags/standard/example_branch_operator_decorator.py","logger":"airflow.models.dagbag.DagBag"}
{"timestamp":"2026-08-11T16:21:00.688235","level":"info","event":"Filling up the DagBag from /home/airflow/.local/lib/python3.12/site-packages/airflow/example_dags/standard/example_branch_operator_decorator.py","logger":"airflow.models.dagbag.DagBag"}
{"timestamp":"2026-08-11T16:21:31.705593","level":"info","event":"Filling up the DagBag from /home/airflow/.local/lib/python3.12/site-packages/airflow/example_dags/standard/example_branch_operator_decorator.py","logger":"airflow.models.dagbag.DagBag"}
{"timestamp":"2026-08-11T16:22:02.759033","level":"info","event":"Filling up the DagBag from /home/airflow/.local/lib/python3.12/site-packages/airflow/example_dags/standard/example_branch_operator_decorator.py","logger":"airflow.models.dagbag.DagBag"}
{"timestamp":"2026-08-11T16:22:33.372089","level":"info","event":"Filling up the DagBag from /home/airflow/.local/lib/python3.12/site-packages/airflow/example_dags/standard/example_branch_operator_decorator.py","logger":"airflow.models.dagbag.DagBag"}
{"timestamp":"2026-08-11T16:23:03.576951","level":"info","event":"Filling up the DagBag from /home/airflow/.local/lib/python3.12/site-packages/airflow/example_dags/standard/example_branch_operator_decorator.py","logger":"airflow.models.dagbag.DagBag"}
{"timestamp":"2026-08-11T16:23:33.965674","level":"info","event":"Filling up the DagBag from /home/airflow/.local/lib/python3.12/site-packages/airflow/example_dags/standard/example_branch_operator_decorator.py","logger":"airflow.models.dagbag.DagBag"}
{"timestamp":"2026-08-11T16:24:04.293260","level":"info","event":"Filling up the DagBag from /home/airflow/.local/lib/python3.12/site-packages/airflow/example_dags/standard/example_branch_operator_decorator.py","logger":"airflow.models.dagbag.DagBag"}
{"timestamp":"2026-08-11T16:24:34.910728","level":"info","event":"Filling up the DagBag from /home/airflow/.local/lib/python3.12/site-packages/airflow/example_dags/standard/example_branch_operator_decorator.py","logger":"airflow.models.dagbag.DagBag"}
{"timestamp":"2026-08-11T16:25:05.424245","level":"info","event":"Filling up the DagBag from /home/airflow/.local/lib/python3.12/site-packages/airflow/example_dags/standard/example_branch_operator_decorator.py","logger":"airflow.models.dagbag.DagBag"}
{"timestamp":"2026-08-11T16:25:35.905521","level":"info","event":"Filling up the DagBag from /home/airflow/.local/lib/python3.12/site-packages/airflow/example_dags/standard/example_branch_operator_decorator.py","logger":"airflow.models.dagbag.DagBag"}
{"timestamp":"2026-08-11T16:26:06.762133","level":"info","event":"Filling up the DagBag from /home/airflow/.local/lib/python3.12/site-packages/airflow/example_dags/standard/example_branch_operator_decorator.py","logger":"airflow.models.dagbag.DagBag"}
{"timestamp":"2026-08-11T16:26:37.203036","level":"info","event":"Filling up the DagBag from /home/airflow/.local/lib/python3.12/site-packages/airflow/example_dags/standard/example_branch_operator_decorator.py","logger":"airflow.models.dagbag.DagBag"}
{"timestamp":"2026-08-11T16:27:07.369085","level":"info","event":"Filling up the DagBag from /home/airflow/.local/lib/python3.12/site-packages/airflow/example_dags/standard/example_branch_operator_decorator.py","logger":"airflow.models.dagbag.DagBag"}
{"timestamp":"2026-08-11T16:27:37.527367","level":"info","event":"Filling up the DagBag from /home/airflow/.local/lib/python3.12/site-packages/airflow/example_dags/standard/example_branch_operator_decorator.py","logger":"airflow.models.dagbag.DagBag"}
{"timestamp":"2026-08-11T16:28:07.850975","level":"info","event":"Filling up the DagBag from /home/airflow/.local/lib/python3.12/site-packages/airflow/example_dags/standard/example_branch_operator_decorator.py","logger":"airflow.models.dagbag.DagBag"}
{"timestamp":"2026-08-11T16:28:37.981283","level":"info","event":"Filling up the DagBag from /home/airflow/.local/lib/python3.12/site-packages/airflow/example_dags/standard/example_branch_operator_decorator.py","logger":"airflow.models.dagbag.DagBag"}
{"timestamp":"2026-08-11T16:29:08.183205","level":"info","event":"Filling up the DagBag from /home/airflow/.local/lib/python3.12/site-packages/airflow/example_dags/standard/example_branch_operator_decorator.py","logger":"airflow.models.dagbag.DagBag"}
{"timestamp":"2026-08-11T16:29:39.269633","level":"info","event":"Filling up the DagBag from /home/airflow/.local/lib/python3.12/site-packages/airflow/example_dags/standard/example_branch_operator_decorator.py","logger":"airflow.models.dagbag.DagBag"}
{"timestamp":"2026-08-11T16:30:09.984513","level":"info","event":"Filling up the DagBag from /home/airflow/.local/lib/python3.12/site-packages/airflow/example_dags/standard/example_branch_operator_decorator.py","logger":"airflow.models.dagbag.DagBag"}
{"timestamp":"2026-08-11T16:30:40.206298","level":"info","event":"Filling up the DagBag from /home/airflow/.local/lib/python3.12/site-packages/airflow/example_dags/standard/example_branch_operator_decorator.py","logger":"airflow.models.dagbag.DagBag"}
{"timestamp":"2026-08-11T16:31:10.673084","level":"info","event":"Filling up the DagBag from /home/airflow/.local/lib/python3.12/site-packages/airflow/example_dags/standard/example_branch_operator_decorator.py","logger":"airflow.models.dagbag.DagBag"}
{"timestamp":"2026-08-11T16:31:41.156706","level":"info","event":"Filling up the DagBag from /home/airflow/.local/lib/python3.12/site-packages/airflow/example_dags/standard/example_branch_operator_decorator.py","logger":"airflow.models.dagbag.DagBag"}
{"timestamp":"2026-08-11T16:32:11.462865","level":"info","event":"Filling up the DagBag from /home/airflow/.local/lib/python3.12/site-packages/airflow/example_dags/standard/example_branch_operator_decorator.py","logger":"airflow.models.dagbag.DagBag"}
{"timestamp":"2026-08-11T16:33:18.464637","level":"info","event":"Filling up the DagBag from /home/airflow/.local/lib/python3.12/site-packages/airflow/example_dags/standard/example_branch_operator_decorator.py","logger":"airflow.models.dagbag.DagBag"}
{"timestamp":"2026-08-11T16:33:59.764221","level":"info","event":"Filling up the DagBag from /home/airflow/.local/lib/python3.12/site-packages/airflow/example_dags/standard/example_branch_operator_decorator.py","logger":"airflow.models.dagbag.DagBag"}
{"timestamp":"2026-08-11T16:34:30.358397","level":"info","event":"Filling up the DagBag from /home/airflow/.local/lib/python3.12/site-packages/airflow/example_dags/standard/example_branch_operator_decorator.py","logger":"airflow.models.dagbag.DagBag"}
{"timestamp":"2026-08-11T16:36:00.399243","level":"info","event":"Filling up the DagBag from /home/airflow/.local/lib/python3.12/site-packages/airflow/example_dags/standard/example_branch_operator_decorator.py","logger":"airflow.models.dagbag.DagBag"}
{"timestamp":"2026-08-11T16:37:53.330457","level":"info","event":"Filling up the DagBag from /home/airflow/.local/lib/python3.12/site-packages/airflow/example_dags/standard/example_branch_operator_decorator.py","logger":"airflow.models.dagbag.DagBag"}
{"timestamp":"2026-08-11T16:38:43.414315","level":"info","event":"Filling up the DagBag from /home/airflow/.local/lib/python3.12/site-packages/airflow/example_dags/standard/example_branch_operator_decorator.py","logger":"airflow.models.dagbag.DagBag"}
{"timestamp":"2026-08-11T16:39:13.953420","level":"info","event":"Filling up the DagBag from /home/airflow/.local/lib/python3.12/site-packages/airflow/example_dags/standard/example_branch_operator_decorator.py","logger":"airflow.models.dagbag.DagBag"}
{"timestamp":"2026-08-11T16:40:00.101669","level":"info","event":"Filling up the DagBag from /home/airflow/.local/lib/python3.12/site-packages/airflow/example_dags/standard/example_branch_operator_decorator.py","logger":"airflow.models.dagbag.DagBag"}
{"timestamp":"2026-08-11T16:40:49.092267","level":"info","event":"Filling up the DagBag from /home/airflow/.local/lib/python3.12/site-packages/airflow/example_dags/standard/example_branch_operator_decorator.py","logger":"airflow.models.dagbag.DagBag"}
{"timestamp":"2026-08-11T16:41:19.776028","level":"info","event":"Filling up the DagBag from /home/airflow/.local/lib/python3.12/site-packages/airflow/example_dags/standard/example_branch_operator_decorator.py","logger":"airflow.models.dagbag.DagBag"}
{"timestamp":"2026-08-11T16:42:00.633018","level":"info","event":"Filling up the DagBag from /home/airflow/.local/lib/python3.12/site-packages/airflow/example_dags/standard/example_branch_operator_decorator.py","logger":"airflow.models.dagbag.DagBag"}
{"timestamp":"2026-08-11T16:42:48.149460","level":"info","event":"Filling up the DagBag from /home/airflow/.local/lib/python3.12/site-packages/airflow/example_dags/standard/example_branch_operator_decorator.py","logger":"airflow.models.dagbag.DagBag"}
{"timestamp":"2026-08-11T16:43:18.409602","level":"info","event":"Filling up the DagBag from /home/airflow/.local/lib/python3.12/site-packages/airflow/example_dags/standard/example_branch_operator_decorator.py","logger":"airflow.models.dagbag.DagBag"}
{"timestamp":"2026-08-11T16:43:48.967869","level":"info","event":"Filling up the DagBag from /home/airflow/.local/lib/python3.12/site-packages/airflow/example_dags/standard/example_branch_operator_decorator.py","logger":"airflow.models.dagbag.DagBag"}
{"timestamp":"2026-08-11T16:44:51.451033","level":"info","event":"Filling up the DagBag from /home/airflow/.local/lib/python3.12/site-packages/airflow/example_dags/standard/example_branch_operator_decorator.py","logger":"airflow.models.dagbag.DagBag"}
{"timestamp":"2026-08-11T16:47:00.469862","level":"info","event":"Filling up the DagBag from /home/airflow/.local/lib/python3.12/site-packages/airflow/example_dags/standard/example_branch_operator_decorator.py","logger":"airflow.models.dagbag.DagBag"}
{"timestamp":"2026-08-11T16:47:50.338109","level":"info","event":"Filling up the DagBag from /home/airflow/.local/lib/python3.12/site-packages/airflow/example_dags/standard/example_branch_operator_decorator.py","logger":"airflow.models.dagbag.DagBag"}
{"timestamp":"2026-08-11T16:49:58.465737","level":"info","event":"Filling up the DagBag from /home/airflow/.local/lib/python3.12/site-packages/airflow/example_dags/standard/example_branch_operator_decorator.py","logger":"airflow.models.dagbag.DagBag"}
{"timestamp":"2026-08-11T16:50:36.371353","level":"info","event":"Filling up the DagBag from /home/airflow/.local/lib/python3.12/site-packages/airflow/example_dags/standard/example_branch_operator_decorator.py","logger":"airflow.models.dagbag.DagBag"}
{"timestamp":"2026-08-11T16:51:07.374423","level":"info","event":"Filling up the DagBag from /home/airflow/.local/lib/python3.12/site-packages/airflow/example_dags/standard/example_branch_operator_decorator.py","logger":"airflow.models.dagbag.DagBag"}
{"timestamp":"2026-08-11T16:52:55.729889","level":"info","event":"Filling up the DagBag from /home/airflow/.local/lib/python3.12/site-packages/airflow/example_dags/standard/example_branch_operator_decorator.py","logger":"airflow.models.dagbag.DagBag"}
{"timestamp":"2026-08-11T16:55:12.852362","level":"info","event":"Filling up the DagBag from /home/airflow/.local/lib/python3.12/site-packages/airflow/example_dags/standard/example_branch_operator_decorator.py","logger":"airflow.models.dagbag.DagBag"}
{"timestamp":"2026-08-11T16:55:43.094593","level":"info","event":"Filling up the DagBag from /home/airflow/.local/lib/python3.12/site-packages/airflow/example_dags/standard/example_branch_operator_decorator.py","logger":"airflow.models.dagbag.DagBag"}
{"timestamp":"2026-08-11T16:58:01.930618","level":"info","event":"Filling up the DagBag from /home/airflow/.local/lib/python3.12/site-packages/airflow/example_dags/standard/example_branch_operator_decorator.py","logger":"airflow.models.dagbag.DagBag"}
{"timestamp":"2026-08-11T16:59:02.809685","level":"info","event":"Filling up the DagBag from /home/airflow/.local/lib/python3.12/site-packages/airflow/example_dags/standard/example_branch_operator_decorator.py","logger":"airflow.models.dagbag.DagBag"}
{"timestamp":"2026-08-11T16:59:41.101540","level":"info","event":"Filling up the DagBag from /home/airflow/.local/lib/python3.12/site-packages/airflow/example_dags/standard/example_branch_operator_decorator.py","logger":"airflow.models.dagbag.DagBag"}
{"timestamp":"2026-08-11T17:00:11.836365","level":"info","event":"Filling up the DagBag from /home/airflow/.local/lib/python3.12/site-packages/airflow/example_dags/standard/example_branch_operator_decorator.py","logger":"airflow.models.dagbag.DagBag"}
{"timestamp":"2026-08-11T17:02:05.211420","level":"info","event":"Filling up the DagBag from /home/airflow/.local/lib/python3.12/site-packages/airflow/example_dags/standard/example_branch_operator_decorator.py","logger":"airflow.models.dagbag.DagBag"}
{"timestamp":"2026-08-11T17:02:43.821520","level":"info","event":"Filling up the DagBag from /home/airflow/.local/lib/python3.12/site-packages/airflow/example_dags/standard/example_branch_operator_decorator.py","logger":"airflow.models.dagbag.DagBag"}
{"timestamp":"2026-08-11T17:04:29.873158","level":"info","event":"Filling up the DagBag from /home/airflow/.local/lib/python3.12/site-packages/airflow/example_dags/standard/example_branch_operator_decorator.py","logger":"airflow.models.dagbag.DagBag"}
{"timestamp":"2026-08-11T17:06:47.564884","level":"info","event":"Filling up the DagBag from /home/airflow/.local/lib/python3.12/site-packages/airflow/example_dags/standard/example_branch_operator_decorator.py","logger":"airflow.models.dagbag.DagBag"}
{"timestamp":"2026-08-11T17:07:32.666033","level":"info","event":"Filling up the DagBag from /home/airflow/.local/lib/python3.12/site-packages/airflow/example_dags/standard/example_branch_operator_decorator.py","logger":"airflow.models.dagbag.DagBag"}
{"timestamp":"2026-08-11T17:08:42.799382","level":"info","event":"Filling up the DagBag from /home/airflow/.local/lib/python3.12/site-packages/airflow/example_dags/standard/example_branch_operator_decorator.py","logger":"airflow.models.dagbag.DagBag"}
{"timestamp":"2026-08-11T17:09:13.148827","level":"info","event":"Filling up the DagBag from /home/airflow/.local/lib/python3.12/site-packages/airflow/example_dags/standard/example_branch_operator_decorator.py","logger":"airflow.models.dagbag.DagBag"}
{"timestamp":"2026-08-11T17:09:58.281386","level":"info","event":"Filling up the DagBag from /home/airflow/.local/lib/python3.12/site-packages/airflow/example_dags/standard/example_branch_operator_decorator.py","logger":"airflow.models.dagbag.DagBag"}
{"timestamp":"2026-08-11T17:10:56.476782","level":"info","event":"Filling up the DagBag from /home/airflow/.local/lib/python3.12/site-packages/airflow/example_dags/standard/example_branch_operator_decorator.py","logger":"airflow.models.dagbag.DagBag"}
