{"timestamp":"2026-08-12T16:03:52.235424","level":"info","event":"DAG bundles loaded: dags-folder","logger":"airflow.dag_processing.bundles.manager.DagBundlesManager"}
{"timestamp":"2026-08-12T16:03:52.236992","level":"info","event":"Filling up the DagBag from /opt/airflow/dags/data_pipeline_dag.py","logger":"airflow.models.dagbag.DagBag"}
{"timestamp":"2026-08-12T16:03:54.613148Z","level":"info","event":"","chan":"stdout","logger":"task"}
{"timestamp":"2026-08-12T16:03:54.626303Z","level":"info","event":"AIRFLOW DATA PIPELINE REPORT","chan":"stdout","logger":"task"}
{"timestamp":"2026-08-12T16:03:54.627493Z","level":"info","event":"============================","chan":"stdout","logger":"task"}
{"timestamp":"2026-08-12T16:03:54.632169Z","level":"info","event":"","chan":"stdout","logger":"task"}
{"timestamp":"2026-08-12T16:03:54.633098Z","level":"info","event":"Workflow: data_pipeline_dag","chan":"stdout","logger":"task"}
{"timestamp":"2026-08-12T16:03:54.637277Z","level":"info","event":"","chan":"stdout","logger":"task"}
{"timestamp":"2026-08-12T16:03:54.638578Z","level":"info","event":"Number of Records Processed:","chan":"stdout","logger":"task"}
{"timestamp":"2026-08-12T16:03:54.645241Z","level":"info","event":"8","chan":"stdout","logger":"task"}
{"timestamp":"2026-08-12T16:03:54.653938Z","level":"info","event":"","chan":"stdout","logger":"task"}
{"timestamp":"2026-08-12T16:03:54.655531Z","level":"info","event":"Missing Values Identified:","chan":"stdout","logger":"task"}
{"timestamp":"2026-08-12T16:03:54.656388Z","level":"info","event":"","chan":"stdout","logger":"task"}
{"timestamp":"2026-08-12T16:03:54.659186Z","level":"info","event":"DATA VALIDATION REPORT","chan":"stdout","logger":"task"}
{"timestamp":"2026-08-12T16:03:54.680769Z","level":"info","event":"======================","chan":"stdout","logger":"task"}
{"timestamp":"2026-08-12T16:03:54.685630Z","level":"info","event":"","chan":"stdout","logger":"task"}
{"timestamp":"2026-08-12T16:03:54.686479Z","level":"info","event":"Total Records: 8","chan":"stdout","logger":"task"}
{"timestamp":"2026-08-12T16:03:54.687097Z","level":"info","event":"","chan":"stdout","logger":"task"}
{"timestamp":"2026-08-12T16:03:54.690879Z","level":"info","event":"Missing Values:","chan":"stdout","logger":"task"}
{"timestamp":"2026-08-12T16:03:54.692428Z","level":"info","event":"id            0","chan":"stdout","logger":"task"}
{"timestamp":"2026-08-12T16:03:54.694986Z","level":"info","event":"name          0","chan":"stdout","logger":"task"}
{"timestamp":"2026-08-12T16:03:54.696453Z","level":"info","event":"age           1","chan":"stdout","logger":"task"}
{"timestamp":"2026-08-12T16:03:54.697339Z","level":"info","event":"salary        1","chan":"stdout","logger":"task"}
{"timestamp":"2026-08-12T16:03:54.703093Z","level":"info","event":"department    0","chan":"stdout","logger":"task"}
{"timestamp":"2026-08-12T16:03:54.704784Z","level":"info","event":"","chan":"stdout","logger":"task"}
{"timestamp":"2026-08-12T16:03:54.705557Z","level":"info","event":"Total Missing Values: 2","chan":"stdout","logger":"task"}
{"timestamp":"2026-08-12T16:03:54.710112Z","level":"info","event":"","chan":"stdout","logger":"task"}
{"timestamp":"2026-08-12T16:03:54.710792Z","level":"info","event":"Invalid Records: 0","chan":"stdout","logger":"task"}
{"timestamp":"2026-08-12T16:03:54.711542Z","level":"info","event":"","chan":"stdout","logger":"task"}
{"timestamp":"2026-08-12T16:03:54.712469Z","level":"info","event":"Validation Status: Completed","chan":"stdout","logger":"task"}
{"timestamp":"2026-08-12T16:03:54.713093Z","level":"info","event":"","chan":"stdout","logger":"task"}
{"timestamp":"2026-08-12T16:03:54.714232Z","level":"info","event":"","chan":"stdout","logger":"task"}
{"timestamp":"2026-08-12T16:03:54.716519Z","level":"info","event":"Processing Completion Status:","chan":"stdout","logger":"task"}
{"timestamp":"2026-08-12T16:03:54.718191Z","level":"info","event":"SUCCESS","chan":"stdout","logger":"task"}
{"timestamp":"2026-08-12T16:03:54.719491Z","level":"info","event":"","chan":"stdout","logger":"task"}
{"timestamp":"2026-08-12T16:03:54.723851Z","level":"info","event":"Report Generation Status:","chan":"stdout","logger":"task"}
{"timestamp":"2026-08-12T16:03:54.725660Z","level":"info","event":"COMPLETED","chan":"stdout","logger":"task"}
{"timestamp":"2026-08-12T16:03:54.727076Z","level":"info","event":"","chan":"stdout","logger":"task"}
{"timestamp":"2026-08-12T16:03:54.609478","level":"info","event":"Done. Returned value was: None","logger":"airflow.task.operators.airflow.providers.standard.operators.python.PythonOperator"}
